C:\Users\julif\AppData\Local\Packages\PythonSoftwareFoundation.Python.3.12_qbz5n2kfra8p0\LocalCache\local-packages\Python312\site-packages\statsmodels\regression\mixed_linear_model.py:2136: UserWarning: Argument weights not used by MixedLM.fit
  warnings.warn("Argument %s not used by MixedLM.fit" % x)
C:\Users\julif\AppData\Local\Packages\PythonSoftwareFoundation.Python.3.12_qbz5n2kfra8p0\LocalCache\local-packages\Python312\site-packages\statsmodels\base\optimizer.py:21: FutureWarning: Keyword arguments have been passed to the optimizer that have no effect. The list of allowed keyword arguments for method bfgs is: gtol, norm, epsilon. The list of unsupported keyword arguments passed include: weights. After release 0.14, this will raise.
  warnings.warn(
C:\Users\julif\AppData\Local\Packages\PythonSoftwareFoundation.Python.3.12_qbz5n2kfra8p0\LocalCache\local-packages\Python312\site-packages\statsmodels\base\model.py:607: ConvergenceWarning: Maximum Likelihood optimization failed to converge. Check mle_retvals
  warnings.warn("Maximum Likelihood optimization failed to "
C:\Users\julif\AppData\Local\Packages\PythonSoftwareFoundation.Python.3.12_qbz5n2kfra8p0\LocalCache\local-packages\Python312\site-packages\statsmodels\regression\mixed_linear_model.py:2200: ConvergenceWarning: Retrying MixedLM optimization with lbfgs
  warnings.warn(
C:\Users\julif\AppData\Local\Packages\PythonSoftwareFoundation.Python.3.12_qbz5n2kfra8p0\LocalCache\local-packages\Python312\site-packages\statsmodels\base\optimizer.py:21: FutureWarning: Keyword arguments have been passed to the optimizer that have no effect. The list of allowed keyword arguments for method lbfgs is: m, pgtol, factr, maxfun, epsilon, approx_grad, bounds, loglike_and_score, iprint. The list of unsupported keyword arguments passed include: weights. After release 0.14, this will raise.
  warnings.warn(
C:\Users\julif\AppData\Local\Packages\PythonSoftwareFoundation.Python.3.12_qbz5n2kfra8p0\LocalCache\local-packages\Python312\site-packages\statsmodels\base\model.py:607: ConvergenceWarning: Maximum Likelihood optimization failed to converge. Check mle_retvals
  warnings.warn("Maximum Likelihood optimization failed to "
C:\Users\julif\AppData\Local\Packages\PythonSoftwareFoundation.Python.3.12_qbz5n2kfra8p0\LocalCache\local-packages\Python312\site-packages\statsmodels\regression\mixed_linear_model.py:2200: ConvergenceWarning: Retrying MixedLM optimization with cg
  warnings.warn(
C:\Users\julif\AppData\Local\Packages\PythonSoftwareFoundation.Python.3.12_qbz5n2kfra8p0\LocalCache\local-packages\Python312\site-packages\statsmodels\base\optimizer.py:21: FutureWarning: Keyword arguments have been passed to the optimizer that have no effect. The list of allowed keyword arguments for method cg is: gtol, norm, epsilon. The list of unsupported keyword arguments passed include: weights. After release 0.14, this will raise.
  warnings.warn(
C:\Users\julif\AppData\Local\Packages\PythonSoftwareFoundation.Python.3.12_qbz5n2kfra8p0\LocalCache\local-packages\Python312\site-packages\statsmodels\base\model.py:607: ConvergenceWarning: Maximum Likelihood optimization failed to converge. Check mle_retvals
  warnings.warn("Maximum Likelihood optimization failed to "
C:\Users\julif\AppData\Local\Packages\PythonSoftwareFoundation.Python.3.12_qbz5n2kfra8p0\LocalCache\local-packages\Python312\site-packages\statsmodels\regression\mixed_linear_model.py:2206: ConvergenceWarning: MixedLM optimization failed, trying a different optimizer may help.
  warnings.warn(msg, ConvergenceWarning)
C:\Users\julif\AppData\Local\Packages\PythonSoftwareFoundation.Python.3.12_qbz5n2kfra8p0\LocalCache\local-packages\Python312\site-packages\statsmodels\regression\mixed_linear_model.py:2218: ConvergenceWarning: Gradient optimization failed, |grad| = 2077.543476
  warnings.warn(msg, ConvergenceWarning)
C:\Users\julif\AppData\Local\Packages\PythonSoftwareFoundation.Python.3.12_qbz5n2kfra8p0\LocalCache\local-packages\Python312\site-packages\statsmodels\regression\mixed_linear_model.py:2261: ConvergenceWarning: The Hessian matrix at the estimated parameter values is not positive definite.
  warnings.warn(msg, ConvergenceWarning)
C:\Users\julif\AppData\Local\Packages\PythonSoftwareFoundation.Python.3.12_qbz5n2kfra8p0\LocalCache\local-packages\Python312\site-packages\statsmodels\regression\mixed_linear_model.py:2136: UserWarning: Argument weights not used by MixedLM.fit
  warnings.warn("Argument %s not used by MixedLM.fit" % x)
C:\Users\julif\AppData\Local\Packages\PythonSoftwareFoundation.Python.3.12_qbz5n2kfra8p0\LocalCache\local-packages\Python312\site-packages\statsmodels\base\optimizer.py:21: FutureWarning: Keyword arguments have been passed to the optimizer that have no effect. The list of allowed keyword arguments for method bfgs is: gtol, norm, epsilon. The list of unsupported keyword arguments passed include: weights. After release 0.14, this will raise.
  warnings.warn(
C:\Users\julif\AppData\Local\Packages\PythonSoftwareFoundation.Python.3.12_qbz5n2kfra8p0\LocalCache\local-packages\Python312\site-packages\statsmodels\base\model.py:607: ConvergenceWarning: Maximum Likelihood optimization failed to converge. Check mle_retvals
  warnings.warn("Maximum Likelihood optimization failed to "
C:\Users\julif\AppData\Local\Packages\PythonSoftwareFoundation.Python.3.12_qbz5n2kfra8p0\LocalCache\local-packages\Python312\site-packages\statsmodels\regression\mixed_linear_model.py:2200: ConvergenceWarning: Retrying MixedLM optimization with lbfgs
  warnings.warn(
C:\Users\julif\AppData\Local\Packages\PythonSoftwareFoundation.Python.3.12_qbz5n2kfra8p0\LocalCache\local-packages\Python312\site-packages\statsmodels\base\optimizer.py:21: FutureWarning: Keyword arguments have been passed to the optimizer that have no effect. The list of allowed keyword arguments for method lbfgs is: m, pgtol, factr, maxfun, epsilon, approx_grad, bounds, loglike_and_score, iprint. The list of unsupported keyword arguments passed include: weights. After release 0.14, this will raise.
  warnings.warn(
C:\Users\julif\AppData\Local\Packages\PythonSoftwareFoundation.Python.3.12_qbz5n2kfra8p0\LocalCache\local-packages\Python312\site-packages\statsmodels\base\model.py:607: ConvergenceWarning: Maximum Likelihood optimization failed to converge. Check mle_retvals
  warnings.warn("Maximum Likelihood optimization failed to "
C:\Users\julif\AppData\Local\Packages\PythonSoftwareFoundation.Python.3.12_qbz5n2kfra8p0\LocalCache\local-packages\Python312\site-packages\statsmodels\regression\mixed_linear_model.py:2200: ConvergenceWarning: Retrying MixedLM optimization with cg
  warnings.warn(
C:\Users\julif\AppData\Local\Packages\PythonSoftwareFoundation.Python.3.12_qbz5n2kfra8p0\LocalCache\local-packages\Python312\site-packages\statsmodels\base\optimizer.py:21: FutureWarning: Keyword arguments have been passed to the optimizer that have no effect. The list of allowed keyword arguments for method cg is: gtol, norm, epsilon. The list of unsupported keyword arguments passed include: weights. After release 0.14, this will raise.
  warnings.warn(
C:\Users\julif\AppData\Local\Packages\PythonSoftwareFoundation.Python.3.12_qbz5n2kfra8p0\LocalCache\local-packages\Python312\site-packages\statsmodels\base\model.py:607: ConvergenceWarning: Maximum Likelihood optimization failed to converge. Check mle_retvals
  warnings.warn("Maximum Likelihood optimization failed to "
C:\Users\julif\AppData\Local\Packages\PythonSoftwareFoundation.Python.3.12_qbz5n2kfra8p0\LocalCache\local-packages\Python312\site-packages\statsmodels\regression\mixed_linear_model.py:2206: ConvergenceWarning: MixedLM optimization failed, trying a different optimizer may help.
  warnings.warn(msg, ConvergenceWarning)
C:\Users\julif\AppData\Local\Packages\PythonSoftwareFoundation.Python.3.12_qbz5n2kfra8p0\LocalCache\local-packages\Python312\site-packages\statsmodels\regression\mixed_linear_model.py:2218: ConvergenceWarning: Gradient optimization failed, |grad| = 2075.699769
  warnings.warn(msg, ConvergenceWarning)
C:\Users\julif\AppData\Local\Packages\PythonSoftwareFoundation.Python.3.12_qbz5n2kfra8p0\LocalCache\local-packages\Python312\site-packages\statsmodels\regression\mixed_linear_model.py:2261: ConvergenceWarning: The Hessian matrix at the estimated parameter values is not positive definite.
  warnings.warn(msg, ConvergenceWarning)
C:\Users\julif\AppData\Local\Packages\PythonSoftwareFoundation.Python.3.12_qbz5n2kfra8p0\LocalCache\local-packages\Python312\site-packages\statsmodels\regression\mixed_linear_model.py:2136: UserWarning: Argument weights not used by MixedLM.fit
  warnings.warn("Argument %s not used by MixedLM.fit" % x)
C:\Users\julif\AppData\Local\Packages\PythonSoftwareFoundation.Python.3.12_qbz5n2kfra8p0\LocalCache\local-packages\Python312\site-packages\statsmodels\base\optimizer.py:21: FutureWarning: Keyword arguments have been passed to the optimizer that have no effect. The list of allowed keyword arguments for method bfgs is: gtol, norm, epsilon. The list of unsupported keyword arguments passed include: weights. After release 0.14, this will raise.
  warnings.warn(
C:\Users\julif\AppData\Local\Packages\PythonSoftwareFoundation.Python.3.12_qbz5n2kfra8p0\LocalCache\local-packages\Python312\site-packages\statsmodels\regression\mixed_linear_model.py:2237: ConvergenceWarning: The MLE may be on the boundary of the parameter space.
  warnings.warn(msg, ConvergenceWarning)

================================================================================
IMPUTATION COMPARISON ANALYSIS
Analysis Run: 2026-01-07 11:14:50
================================================================================


================================================================================
MODEL 1: STAGES MODEL
================================================================================

================================================================================
Running STAGES MODEL with WITH_IMPUTATION DATA
================================================================================


Mixed Model Results for TOTIDE1
==================================================
                                   Mixed Linear Model Regression Results
============================================================================================================
Model:                             MixedLM                  Dependent Variable:                  TOTIDE1    
No. Observations:                  22352                    Method:                              REML       
No. Groups:                        2309                     Scale:                               0.6240     
Min. group size:                   1                        Log-Likelihood:                      -37049.1022
Max. group size:                   11                       Converged:                           No         
Mean group size:                   9.7                                                                      
------------------------------------------------------------------------------------------------------------
                                                                  Coef.  Std.Err.   z    P>|z| [0.025 0.975]
------------------------------------------------------------------------------------------------------------
Intercept                                                          9.913    0.835 11.869 0.000  8.276 11.550
C(STATUS_Label, Treatment('Premenopause'))[T.Surgical]             0.042    0.073  0.584 0.559 -0.100  0.185
C(STATUS_Label, Treatment('Premenopause'))[T.Early Perimenopause] -0.070    0.027 -2.590 0.010 -0.123 -0.017
C(STATUS_Label, Treatment('Premenopause'))[T.Late Perimenopause]  -0.013    0.036 -0.346 0.729 -0.083  0.058
C(STATUS_Label, Treatment('Premenopause'))[T.Postmenopause]       -0.054    0.040 -1.368 0.171 -0.132  0.023
VISIT                                                              0.010    0.019  0.531 0.596 -0.027  0.046
AGE_BASELINE                                                       0.006    0.018  0.349 0.727 -0.029  0.042
Group Var                                                          5.284                                    
Group x VISIT Cov                                                 -0.182                                    
VISIT Var                                                          0.774                                    
============================================================================================================


Marginal R² (fixed effects): 0.0004
Conditional R² (fixed + random): 0.8944

Mixed Model Results for TOTIDE2
==================================================
                                   Mixed Linear Model Regression Results
============================================================================================================
Model:                             MixedLM                  Dependent Variable:                  TOTIDE2    
No. Observations:                  22352                    Method:                              REML       
No. Groups:                        2309                     Scale:                               0.6537     
Min. group size:                   1                        Log-Likelihood:                      -37590.4850
Max. group size:                   11                       Converged:                           No         
Mean group size:                   9.7                                                                      
------------------------------------------------------------------------------------------------------------
                                                                  Coef.  Std.Err.   z    P>|z| [0.025 0.975]
------------------------------------------------------------------------------------------------------------
Intercept                                                         10.017    0.863 11.601 0.000  8.324 11.709
C(STATUS_Label, Treatment('Premenopause'))[T.Surgical]            -0.061    0.074 -0.820 0.412 -0.206  0.085
C(STATUS_Label, Treatment('Premenopause'))[T.Early Perimenopause] -0.075    0.028 -2.718 0.007 -0.129 -0.021
C(STATUS_Label, Treatment('Premenopause'))[T.Late Perimenopause]  -0.054    0.037 -1.469 0.142 -0.127  0.018
C(STATUS_Label, Treatment('Premenopause'))[T.Postmenopause]       -0.057    0.040 -1.402 0.161 -0.136  0.023
VISIT                                                              0.013    0.019  0.690 0.490 -0.024  0.050
AGE_BASELINE                                                      -0.000    0.019 -0.005 0.996 -0.037  0.037
Group Var                                                          5.638                                    
Group x VISIT Cov                                                 -0.165                                    
VISIT Var                                                          0.810                                    
============================================================================================================


Marginal R² (fixed effects): 0.0003
Conditional R² (fixed + random): 0.8961

================================================================================
Running STAGES MODEL with ORIGINAL DATA
================================================================================


Mixed Model Results for TOTIDE1
==================================================
                                   Mixed Linear Model Regression Results
============================================================================================================
Model:                             MixedLM                  Dependent Variable:                  TOTIDE1    
No. Observations:                  9424                     Method:                              REML       
No. Groups:                        2297                     Scale:                               1.9422     
Min. group size:                   1                        Log-Likelihood:                      -17926.6641
Max. group size:                   5                        Converged:                           Yes        
Mean group size:                   4.1                                                                      
------------------------------------------------------------------------------------------------------------
                                                                  Coef.  Std.Err.   z    P>|z| [0.025 0.975]
------------------------------------------------------------------------------------------------------------
Intercept                                                          9.712    0.492 19.754 0.000  8.748 10.676
C(STATUS_Label, Treatment('Premenopause'))[T.Surgical]            -0.382    0.145 -2.626 0.009 -0.667 -0.097
C(STATUS_Label, Treatment('Premenopause'))[T.Early Perimenopause] -0.159    0.113 -1.410 0.158 -0.381  0.062
C(STATUS_Label, Treatment('Premenopause'))[T.Late Perimenopause]  -0.080    0.122 -0.655 0.513 -0.320  0.160
C(STATUS_Label, Treatment('Premenopause'))[T.Postmenopause]       -0.194    0.121 -1.602 0.109 -0.432  0.043
VISIT                                                              0.046    0.009  5.097 0.000  0.028  0.064
AGE_BASELINE                                                       0.009    0.011  0.817 0.414 -0.012  0.029
Group Var                                                          1.849    0.201                           
Group x VISIT Cov                                                 -0.087    0.023                           
VISIT Var                                                          0.009    0.003                           
============================================================================================================
C:\Users\julif\AppData\Local\Packages\PythonSoftwareFoundation.Python.3.12_qbz5n2kfra8p0\LocalCache\local-packages\Python312\site-packages\statsmodels\regression\mixed_linear_model.py:2136: UserWarning: Argument weights not used by MixedLM.fit
  warnings.warn("Argument %s not used by MixedLM.fit" % x)
C:\Users\julif\AppData\Local\Packages\PythonSoftwareFoundation.Python.3.12_qbz5n2kfra8p0\LocalCache\local-packages\Python312\site-packages\statsmodels\base\optimizer.py:21: FutureWarning: Keyword arguments have been passed to the optimizer that have no effect. The list of allowed keyword arguments for method bfgs is: gtol, norm, epsilon. The list of unsupported keyword arguments passed include: weights. After release 0.14, this will raise.
  warnings.warn(
C:\Users\julif\AppData\Local\Packages\PythonSoftwareFoundation.Python.3.12_qbz5n2kfra8p0\LocalCache\local-packages\Python312\site-packages\statsmodels\regression\mixed_linear_model.py:2237: ConvergenceWarning: The MLE may be on the boundary of the parameter space.
  warnings.warn(msg, ConvergenceWarning)
C:\Users\julif\AppData\Local\Packages\PythonSoftwareFoundation.Python.3.12_qbz5n2kfra8p0\LocalCache\local-packages\Python312\site-packages\statsmodels\regression\mixed_linear_model.py:2237: ConvergenceWarning: The MLE may be on the boundary of the parameter space.
  warnings.warn(msg, ConvergenceWarning)
C:\Users\julif\AppData\Local\Packages\PythonSoftwareFoundation.Python.3.12_qbz5n2kfra8p0\LocalCache\local-packages\Python312\site-packages\statsmodels\regression\mixed_linear_model.py:2237: ConvergenceWarning: The MLE may be on the boundary of the parameter space.
  warnings.warn(msg, ConvergenceWarning)


Marginal R² (fixed effects): 0.0029
Conditional R² (fixed + random): 0.4892

Mixed Model Results for TOTIDE2
==================================================
                                   Mixed Linear Model Regression Results
============================================================================================================
Model:                             MixedLM                  Dependent Variable:                  TOTIDE2    
No. Observations:                  9419                     Method:                              REML       
No. Groups:                        2297                     Scale:                               2.0282     
Min. group size:                   1                        Log-Likelihood:                      -18194.4647
Max. group size:                   5                        Converged:                           Yes        
Mean group size:                   4.1                                                                      
------------------------------------------------------------------------------------------------------------
                                                                  Coef.  Std.Err.   z    P>|z| [0.025 0.975]
------------------------------------------------------------------------------------------------------------
Intercept                                                          9.926    0.517 19.206 0.000  8.913 10.939
C(STATUS_Label, Treatment('Premenopause'))[T.Surgical]            -0.457    0.151 -3.024 0.002 -0.753 -0.161
C(STATUS_Label, Treatment('Premenopause'))[T.Early Perimenopause] -0.139    0.117 -1.194 0.232 -0.368  0.089
C(STATUS_Label, Treatment('Premenopause'))[T.Late Perimenopause]  -0.115    0.126 -0.910 0.363 -0.363  0.133
C(STATUS_Label, Treatment('Premenopause'))[T.Postmenopause]       -0.197    0.125 -1.571 0.116 -0.443  0.049
VISIT                                                              0.057    0.009  6.177 0.000  0.039  0.075
AGE_BASELINE                                                      -0.002    0.011 -0.147 0.883 -0.023  0.020
Group Var                                                          2.104    0.210                           
Group x VISIT Cov                                                 -0.096    0.024                           
VISIT Var                                                          0.010    0.003                           
============================================================================================================


Marginal R² (fixed effects): 0.0040
Conditional R² (fixed + random): 0.5112

================================================================================
MODEL 2: SYMPTOMS MODEL
================================================================================

================================================================================
Running SYMPTOMS MODEL with WITH_IMPUTATION DATA
================================================================================


Running linear mixed-effects models with transformed variables...
Analyzing models for Cognitive Performance (Delayed Recall)
Using random intercept + slope model (n_subjects=1628)

Mixed Model Results for Number of Hot Flashes -> Cognitive Performance (Delayed Recall)
Using transformed variable: TOTIDE2
==================================================
                                   Mixed Linear Model Regression Results
============================================================================================================
Model:                             MixedLM                  Dependent Variable:                  TOTIDE2    
No. Observations:                  15773                    Method:                              REML       
No. Groups:                        1628                     Scale:                               0.8248     
Min. group size:                   1                        Log-Likelihood:                      -23907.4693
Max. group size:                   11                       Converged:                           Yes        
Mean group size:                   9.7                                                                      
------------------------------------------------------------------------------------------------------------
                                                                  Coef.  Std.Err.   z    P>|z| [0.025 0.975]
------------------------------------------------------------------------------------------------------------
Intercept                                                          9.978    0.584 17.083 0.000  8.833 11.123
C(STATUS_Label, Treatment('Premenopause'))[T.Surgical]            -0.157    0.072 -2.159 0.031 -0.299 -0.014
C(STATUS_Label, Treatment('Premenopause'))[T.Early Perimenopause] -0.062    0.033 -1.870 0.061 -0.127  0.003
C(STATUS_Label, Treatment('Premenopause'))[T.Late Perimenopause]  -0.028    0.046 -0.609 0.543 -0.117  0.062
C(STATUS_Label, Treatment('Premenopause'))[T.Postmenopause]       -0.038    0.048 -0.793 0.428 -0.132  0.056
NUMHOTF                                                           -0.009    0.017 -0.551 0.582 -0.043  0.024
AGE_BASELINE                                                       0.001    0.013  0.050 0.960 -0.024  0.026
VISIT                                                              0.018    0.005  3.745 0.000  0.008  0.027
Group Var                                                          2.140    0.100                           
Group x VISIT Cov                                                 -0.063    0.006                           
VISIT Var                                                          0.009    0.001                           
============================================================================================================


Approximate Marginal R² (fixed effects): 0.0013
Approximate Conditional R² (fixed + random): 0.7222

Anderson-Darling normality test p-value (on 5000 sampled residuals): 0.0000
Shapiro-Wilk normality test p-value (on 1000 sampled residuals): 0.0000
WARNING: Residuals may not be normally distributed.
However, with this large sample size, the model is still robust to moderate non-normality.
Using random intercept + slope model (n_subjects=1304)

Mixed Model Results for Number of Night Sweats -> Cognitive Performance (Delayed Recall)
Using transformed variable: TOTIDE2
==================================================
                                   Mixed Linear Model Regression Results
============================================================================================================
Model:                             MixedLM                  Dependent Variable:                  TOTIDE2    
No. Observations:                  12557                    Method:                              REML       
No. Groups:                        1304                     Scale:                               0.7978     
Min. group size:                   1                        Log-Likelihood:                      -18846.8684
Max. group size:                   11                       Converged:                           Yes        
Mean group size:                   9.6                                                                      
------------------------------------------------------------------------------------------------------------
                                                                  Coef.  Std.Err.   z    P>|z| [0.025 0.975]
------------------------------------------------------------------------------------------------------------
Intercept                                                         10.179    0.648 15.702 0.000  8.908 11.449
C(STATUS_Label, Treatment('Premenopause'))[T.Surgical]            -0.143    0.081 -1.768 0.077 -0.302  0.016
C(STATUS_Label, Treatment('Premenopause'))[T.Early Perimenopause] -0.035    0.036 -0.964 0.335 -0.106  0.036
C(STATUS_Label, Treatment('Premenopause'))[T.Late Perimenopause]  -0.045    0.050 -0.902 0.367 -0.144  0.053
C(STATUS_Label, Treatment('Premenopause'))[T.Postmenopause]       -0.020    0.052 -0.373 0.709 -0.122  0.083
NUMNITS                                                           -0.070    0.018 -3.786 0.000 -0.106 -0.034
AGE_BASELINE                                                      -0.003    0.014 -0.226 0.821 -0.031  0.025
VISIT                                                              0.012    0.005  2.411 0.016  0.002  0.022
Group Var                                                          2.021    0.108                           
Group x VISIT Cov                                                 -0.054    0.007                           
VISIT Var                                                          0.008    0.001                           
============================================================================================================
C:\Users\julif\AppData\Local\Packages\PythonSoftwareFoundation.Python.3.12_qbz5n2kfra8p0\LocalCache\local-packages\Python312\site-packages\statsmodels\regression\mixed_linear_model.py:2237: ConvergenceWarning: The MLE may be on the boundary of the parameter space.
  warnings.warn(msg, ConvergenceWarning)
C:\Users\julif\AppData\Local\Packages\PythonSoftwareFoundation.Python.3.12_qbz5n2kfra8p0\LocalCache\local-packages\Python312\site-packages\statsmodels\regression\mixed_linear_model.py:2237: ConvergenceWarning: The MLE may be on the boundary of the parameter space.
  warnings.warn(msg, ConvergenceWarning)


Approximate Marginal R² (fixed effects): 0.0025
Approximate Conditional R² (fixed + random): 0.7177

Anderson-Darling normality test p-value (on 5000 sampled residuals): 0.0000
Shapiro-Wilk normality test p-value (on 1000 sampled residuals): 0.0000
WARNING: Residuals may not be normally distributed.
However, with this large sample size, the model is still robust to moderate non-normality.
Using random intercept only model (n_subjects=525)

Mixed Model Results for Number of Cold Sweats -> Cognitive Performance (Delayed Recall)
Using transformed variable: TOTIDE2
==================================================
                                   Mixed Linear Model Regression Results
============================================================================================================
Model:                              MixedLM                  Dependent Variable:                  TOTIDE2   
No. Observations:                   5013                     Method:                              REML      
No. Groups:                         525                      Scale:                               1.0313    
Min. group size:                    1                        Log-Likelihood:                      -8019.9721
Max. group size:                    11                       Converged:                           Yes       
Mean group size:                    9.5                                                                     
------------------------------------------------------------------------------------------------------------
                                                                  Coef.  Std.Err.   z    P>|z| [0.025 0.975]
------------------------------------------------------------------------------------------------------------
Intercept                                                          8.621    1.245  6.926 0.000  6.182 11.061
C(STATUS_Label, Treatment('Premenopause'))[T.Surgical]             0.046    0.122  0.375 0.708 -0.193  0.284
C(STATUS_Label, Treatment('Premenopause'))[T.Early Perimenopause] -0.032    0.061 -0.526 0.599 -0.152  0.088
C(STATUS_Label, Treatment('Premenopause'))[T.Late Perimenopause]  -0.002    0.084 -0.025 0.980 -0.166  0.162
C(STATUS_Label, Treatment('Premenopause'))[T.Postmenopause]        0.083    0.087  0.949 0.343 -0.088  0.254
NUMCLDS                                                           -0.111    0.047 -2.381 0.017 -0.202 -0.020
AGE_BASELINE                                                       0.023    0.027  0.830 0.407 -0.031  0.076
VISIT                                                              0.002    0.008  0.288 0.773 -0.013  0.017
Group Var                                                          2.361    0.159                           
============================================================================================================


Approximate Marginal R² (fixed effects): 0.0059
Approximate Conditional R² (fixed + random): 0.6978

Anderson-Darling normality test p-value (on 5000 sampled residuals): 0.0000
Shapiro-Wilk normality test p-value (on 1000 sampled residuals): 0.0000
WARNING: Residuals may not be normally distributed.
However, with this large sample size, the model is still robust to moderate non-normality.
Using random intercept + slope model (n_subjects=2309)

Mixed Model Results for Stiffness -> Cognitive Performance (Delayed Recall)
Using transformed variable: TOTIDE2
==================================================
                                   Mixed Linear Model Regression Results
============================================================================================================
Model:                             MixedLM                  Dependent Variable:                  TOTIDE2    
No. Observations:                  21952                    Method:                              REML       
No. Groups:                        2309                     Scale:                               0.7841     
Min. group size:                   1                        Log-Likelihood:                      -32873.3103
Max. group size:                   11                       Converged:                           Yes        
Mean group size:                   9.5                                                                      
------------------------------------------------------------------------------------------------------------
                                                                  Coef.  Std.Err.   z    P>|z| [0.025 0.975]
------------------------------------------------------------------------------------------------------------
Intercept                                                         10.228    0.493 20.754 0.000  9.262 11.194
C(STATUS_Label, Treatment('Premenopause'))[T.Surgical]            -0.166    0.061 -2.721 0.007 -0.285 -0.046
C(STATUS_Label, Treatment('Premenopause'))[T.Early Perimenopause] -0.064    0.027 -2.366 0.018 -0.118 -0.011
C(STATUS_Label, Treatment('Premenopause'))[T.Late Perimenopause]  -0.049    0.037 -1.319 0.187 -0.122  0.024
C(STATUS_Label, Treatment('Premenopause'))[T.Postmenopause]       -0.052    0.039 -1.339 0.181 -0.129  0.024
STIFF                                                              0.002    0.009  0.278 0.781 -0.015  0.020
AGE_BASELINE                                                      -0.005    0.011 -0.469 0.639 -0.026  0.016
VISIT                                                              0.017    0.004  4.399 0.000  0.009  0.024
Group Var                                                          2.212    0.089                           
Group x VISIT Cov                                                 -0.063    0.006                           
VISIT Var                                                          0.008    0.001                           
============================================================================================================


Approximate Marginal R² (fixed effects): 0.0011
Approximate Conditional R² (fixed + random): 0.7386

Anderson-Darling normality test p-value (on 5000 sampled residuals): 0.0000
Shapiro-Wilk normality test p-value (on 1000 sampled residuals): 0.0000
WARNING: Residuals may not be normally distributed.
However, with this large sample size, the model is still robust to moderate non-normality.
Using random intercept + slope model (n_subjects=2309)

Mixed Model Results for Irritability -> Cognitive Performance (Delayed Recall)
Using transformed variable: TOTIDE2
==================================================
                                   Mixed Linear Model Regression Results
============================================================================================================
Model:                             MixedLM                  Dependent Variable:                  TOTIDE2    
No. Observations:                  21937                    Method:                              REML       
No. Groups:                        2309                     Scale:                               0.7840     
Min. group size:                   1                        Log-Likelihood:                      -32852.0294
Max. group size:                   11                       Converged:                           Yes        
Mean group size:                   9.5                                                                      
------------------------------------------------------------------------------------------------------------
                                                                  Coef.  Std.Err.   z    P>|z| [0.025 0.975]
------------------------------------------------------------------------------------------------------------
Intercept                                                         10.235    0.493 20.766 0.000  9.269 11.201
C(STATUS_Label, Treatment('Premenopause'))[T.Surgical]            -0.168    0.061 -2.754 0.006 -0.287 -0.048
C(STATUS_Label, Treatment('Premenopause'))[T.Early Perimenopause] -0.064    0.027 -2.359 0.018 -0.117 -0.011
C(STATUS_Label, Treatment('Premenopause'))[T.Late Perimenopause]  -0.050    0.037 -1.327 0.184 -0.123  0.024
C(STATUS_Label, Treatment('Premenopause'))[T.Postmenopause]       -0.052    0.039 -1.321 0.186 -0.128  0.025
IRRITAB                                                           -0.007    0.009 -0.821 0.412 -0.024  0.010
AGE_BASELINE                                                      -0.005    0.011 -0.483 0.629 -0.026  0.016
VISIT                                                              0.017    0.004  4.349 0.000  0.009  0.024
Group Var                                                          2.213    0.089                           
Group x VISIT Cov                                                 -0.063    0.006                           
VISIT Var                                                          0.008    0.001                           
============================================================================================================
C:\Users\julif\AppData\Local\Packages\PythonSoftwareFoundation.Python.3.12_qbz5n2kfra8p0\LocalCache\local-packages\Python312\site-packages\statsmodels\regression\mixed_linear_model.py:2237: ConvergenceWarning: The MLE may be on the boundary of the parameter space.
  warnings.warn(msg, ConvergenceWarning)
C:\Users\julif\AppData\Local\Packages\PythonSoftwareFoundation.Python.3.12_qbz5n2kfra8p0\LocalCache\local-packages\Python312\site-packages\statsmodels\regression\mixed_linear_model.py:2237: ConvergenceWarning: The MLE may be on the boundary of the parameter space.
  warnings.warn(msg, ConvergenceWarning)


Approximate Marginal R² (fixed effects): 0.0011
Approximate Conditional R² (fixed + random): 0.7387

Anderson-Darling normality test p-value (on 5000 sampled residuals): 0.0000
Shapiro-Wilk normality test p-value (on 1000 sampled residuals): 0.0000
WARNING: Residuals may not be normally distributed.
However, with this large sample size, the model is still robust to moderate non-normality.
Using random intercept + slope model (n_subjects=2309)

Mixed Model Results for Mood Changes -> Cognitive Performance (Delayed Recall)
Using transformed variable: TOTIDE2
==================================================
                                   Mixed Linear Model Regression Results
============================================================================================================
Model:                             MixedLM                  Dependent Variable:                  TOTIDE2    
No. Observations:                  21945                    Method:                              REML       
No. Groups:                        2309                     Scale:                               0.7841     
Min. group size:                   1                        Log-Likelihood:                      -32860.6972
Max. group size:                   11                       Converged:                           Yes        
Mean group size:                   9.5                                                                      
------------------------------------------------------------------------------------------------------------
                                                                  Coef.  Std.Err.   z    P>|z| [0.025 0.975]
------------------------------------------------------------------------------------------------------------
Intercept                                                         10.248    0.492 20.808 0.000  9.282 11.213
C(STATUS_Label, Treatment('Premenopause'))[T.Surgical]            -0.161    0.061 -2.641 0.008 -0.280 -0.041
C(STATUS_Label, Treatment('Premenopause'))[T.Early Perimenopause] -0.062    0.027 -2.298 0.022 -0.116 -0.009
C(STATUS_Label, Treatment('Premenopause'))[T.Late Perimenopause]  -0.046    0.037 -1.241 0.215 -0.120  0.027
C(STATUS_Label, Treatment('Premenopause'))[T.Postmenopause]       -0.050    0.039 -1.278 0.201 -0.127  0.027
MOODCHG                                                           -0.016    0.009 -1.877 0.061 -0.034  0.001
AGE_BASELINE                                                      -0.005    0.011 -0.506 0.613 -0.026  0.016
VISIT                                                              0.016    0.004  4.222 0.000  0.009  0.024
Group Var                                                          2.206    0.088                           
Group x VISIT Cov                                                 -0.062    0.006                           
VISIT Var                                                          0.008    0.001                           
============================================================================================================


Approximate Marginal R² (fixed effects): 0.0012
Approximate Conditional R² (fixed + random): 0.7380

Anderson-Darling normality test p-value (on 5000 sampled residuals): 0.0000
Shapiro-Wilk normality test p-value (on 1000 sampled residuals): 0.0000
WARNING: Residuals may not be normally distributed.
However, with this large sample size, the model is still robust to moderate non-normality.
Using random intercept + slope model (n_subjects=2307)

Mixed Model Results for Sleep Quality -> Cognitive Performance (Delayed Recall)
Using transformed variable: TOTIDE2
==================================================
                                   Mixed Linear Model Regression Results
============================================================================================================
Model:                             MixedLM                  Dependent Variable:                  TOTIDE2    
No. Observations:                  22335                    Method:                              REML       
No. Groups:                        2307                     Scale:                               0.7864     
Min. group size:                   1                        Log-Likelihood:                      -33434.9270
Max. group size:                   11                       Converged:                           Yes        
Mean group size:                   9.7                                                                      
------------------------------------------------------------------------------------------------------------
                                                                  Coef.  Std.Err.   z    P>|z| [0.025 0.975]
------------------------------------------------------------------------------------------------------------
Intercept                                                         10.254    0.494 20.773 0.000  9.287 11.222
C(STATUS_Label, Treatment('Premenopause'))[T.Surgical]            -0.168    0.060 -2.773 0.006 -0.286 -0.049
C(STATUS_Label, Treatment('Premenopause'))[T.Early Perimenopause] -0.063    0.027 -2.337 0.019 -0.116 -0.010
C(STATUS_Label, Treatment('Premenopause'))[T.Late Perimenopause]  -0.045    0.037 -1.224 0.221 -0.118  0.027
C(STATUS_Label, Treatment('Premenopause'))[T.Postmenopause]       -0.056    0.039 -1.429 0.153 -0.132  0.021
SLEEPQL                                                           -0.013    0.010 -1.244 0.214 -0.034  0.008
AGE_BASELINE                                                      -0.006    0.011 -0.522 0.602 -0.027  0.015
VISIT                                                              0.017    0.004  4.368 0.000  0.009  0.024
Group Var                                                          2.218    0.089                           
Group x VISIT Cov                                                 -0.063    0.006                           
VISIT Var                                                          0.008    0.001                           
============================================================================================================


Approximate Marginal R² (fixed effects): 0.0011
Approximate Conditional R² (fixed + random): 0.7385

Anderson-Darling normality test p-value (on 5000 sampled residuals): 0.0000
Shapiro-Wilk normality test p-value (on 1000 sampled residuals): 0.0000
WARNING: Residuals may not be normally distributed.
However, with this large sample size, the model is still robust to moderate non-normality.

================================================================================
Running SYMPTOMS MODEL with ORIGINAL DATA
================================================================================


Running linear mixed-effects models with transformed variables...
Analyzing models for Cognitive Performance (Delayed Recall)
Using random intercept + slope model (n_subjects=1487)

Mixed Model Results for Number of Hot Flashes -> Cognitive Performance (Delayed Recall)
Using transformed variable: TOTIDE2
==================================================
                                   Mixed Linear Model Regression Results
============================================================================================================
Model:                              MixedLM                  Dependent Variable:                  TOTIDE2   
No. Observations:                   2889                     Method:                              REML      
No. Groups:                         1487                     Scale:                               1.9553    
Min. group size:                    1                        Log-Likelihood:                      -5683.8537
Max. group size:                    3                        Converged:                           Yes       
Mean group size:                    1.9                                                                     
------------------------------------------------------------------------------------------------------------
                                                                  Coef.  Std.Err.   z    P>|z| [0.025 0.975]
------------------------------------------------------------------------------------------------------------
Intercept                                                         10.061    0.884 11.386 0.000  8.329 11.793
C(STATUS_Label, Treatment('Premenopause'))[T.Surgical]            -1.417    0.481 -2.947 0.003 -2.359 -0.475
C(STATUS_Label, Treatment('Premenopause'))[T.Early Perimenopause] -0.858    0.465 -1.847 0.065 -1.769  0.053
C(STATUS_Label, Treatment('Premenopause'))[T.Late Perimenopause]  -0.871    0.470 -1.854 0.064 -1.792  0.050
C(STATUS_Label, Treatment('Premenopause'))[T.Postmenopause]       -0.991    0.465 -2.130 0.033 -1.902 -0.079
NUMHOTF                                                           -0.015    0.035 -0.431 0.666 -0.083  0.053
AGE_BASELINE                                                       0.018    0.016  1.096 0.273 -0.014  0.050
VISIT                                                              0.034    0.024  1.379 0.168 -0.014  0.082
Group Var                                                          3.264    1.966                           
Group x VISIT Cov                                                 -0.258    0.225                           
VISIT Var                                                          0.033    0.027                           
============================================================================================================


Approximate Marginal R² (fixed effects): 0.0050
Approximate Conditional R² (fixed + random): 0.6272

Anderson-Darling normality test p-value: 0.0000
Shapiro-Wilk normality test p-value: 0.0000
WARNING: Residuals may not be normally distributed.
However, with this large sample size, the model is still robust to moderate non-normality.
Using random intercept + slope model (n_subjects=1158)

Mixed Model Results for Number of Night Sweats -> Cognitive Performance (Delayed Recall)
Using transformed variable: TOTIDE2
==================================================
                                   Mixed Linear Model Regression Results
============================================================================================================
Model:                              MixedLM                  Dependent Variable:                  TOTIDE2   
No. Observations:                   2086                     Method:                              REML      
No. Groups:                         1158                     Scale:                               1.8795    
Min. group size:                    1                        Log-Likelihood:                      -4084.0054
Max. group size:                    3                        Converged:                           Yes       
Mean group size:                    1.8                                                                     
------------------------------------------------------------------------------------------------------------
                                                                  Coef.  Std.Err.   z    P>|z| [0.025 0.975]
------------------------------------------------------------------------------------------------------------
Intercept                                                          9.337    0.985  9.483 0.000  7.407 11.267
C(STATUS_Label, Treatment('Premenopause'))[T.Surgical]            -0.669    0.476 -1.404 0.160 -1.603  0.265
C(STATUS_Label, Treatment('Premenopause'))[T.Early Perimenopause] -0.424    0.457 -0.928 0.354 -1.320  0.472
C(STATUS_Label, Treatment('Premenopause'))[T.Late Perimenopause]  -0.476    0.463 -1.029 0.304 -1.384  0.431
C(STATUS_Label, Treatment('Premenopause'))[T.Postmenopause]       -0.558    0.455 -1.226 0.220 -1.451  0.335
NUMNITS                                                           -0.101    0.039 -2.546 0.011 -0.178 -0.023
AGE_BASELINE                                                       0.028    0.019  1.482 0.138 -0.009  0.065
VISIT                                                              0.009    0.029  0.330 0.742 -0.047  0.065
Group Var                                                          3.409    2.331                           
Group x VISIT Cov                                                 -0.284    0.268                           
VISIT Var                                                          0.037    0.032                           
============================================================================================================


Approximate Marginal R² (fixed effects): 0.0037
Approximate Conditional R² (fixed + random): 0.6459

Anderson-Darling normality test p-value: 0.0000
Shapiro-Wilk normality test p-value: 0.0000
WARNING: Residuals may not be normally distributed.
However, with this large sample size, the model is still robust to moderate non-normality.
Using random intercept only model (n_subjects=430)

Mixed Model Results for Number of Cold Sweats -> Cognitive Performance (Delayed Recall)
Using transformed variable: TOTIDE2
==================================================
                                   Mixed Linear Model Regression Results
============================================================================================================
Model:                              MixedLM                  Dependent Variable:                  TOTIDE2   
No. Observations:                   606                      Method:                              REML      
No. Groups:                         430                      Scale:                               2.2961    
Min. group size:                    1                        Log-Likelihood:                      -1265.6714
Max. group size:                    3                        Converged:                           Yes       
Mean group size:                    1.4                                                                     
------------------------------------------------------------------------------------------------------------
                                                                  Coef.  Std.Err.   z    P>|z| [0.025 0.975]
------------------------------------------------------------------------------------------------------------
Intercept                                                          4.322    2.726  1.586 0.113 -1.020  9.665
C(STATUS_Label, Treatment('Premenopause'))[T.Surgical]             3.558    2.032  1.751 0.080 -0.424  7.540
C(STATUS_Label, Treatment('Premenopause'))[T.Early Perimenopause]  3.938    2.030  1.940 0.052 -0.041  7.917
C(STATUS_Label, Treatment('Premenopause'))[T.Late Perimenopause]   3.574    2.032  1.759 0.079 -0.408  7.555
C(STATUS_Label, Treatment('Premenopause'))[T.Postmenopause]        3.628    2.019  1.797 0.072 -0.329  7.585
NUMCLDS                                                           -0.097    0.084 -1.159 0.246 -0.261  0.067
AGE_BASELINE                                                       0.039    0.038  1.007 0.314 -0.036  0.114
VISIT                                                             -0.004    0.061 -0.064 0.949 -0.123  0.116
Group Var                                                          1.746    0.280                           
============================================================================================================


Approximate Marginal R² (fixed effects): 0.0132
Approximate Conditional R² (fixed + random): 0.4394

Anderson-Darling normality test p-value: 0.0000
Shapiro-Wilk normality test p-value: 0.0000
WARNING: Residuals may not be normally distributed.
However, with this large sample size, the model is still robust to moderate non-normality.
Using random intercept + slope model (n_subjects=2289)

Mixed Model Results for Stiffness -> Cognitive Performance (Delayed Recall)
Using transformed variable: TOTIDE2
==================================================
                                   Mixed Linear Model Regression Results
============================================================================================================
Model:                             MixedLM                  Dependent Variable:                  TOTIDE2    
No. Observations:                  9260                     Method:                              REML       
No. Groups:                        2289                     Scale:                               1.9903     
Min. group size:                   1                        Log-Likelihood:                      -17870.0741
Max. group size:                   5                        Converged:                           Yes        
Mean group size:                   4.0                                                                      
------------------------------------------------------------------------------------------------------------
                                                                  Coef.  Std.Err.   z    P>|z| [0.025 0.975]
------------------------------------------------------------------------------------------------------------
Intercept                                                          9.872    0.524 18.847 0.000  8.846 10.899
C(STATUS_Label, Treatment('Premenopause'))[T.Surgical]            -0.459    0.153 -3.013 0.003 -0.758 -0.161
C(STATUS_Label, Treatment('Premenopause'))[T.Early Perimenopause] -0.153    0.117 -1.302 0.193 -0.383  0.077
C(STATUS_Label, Treatment('Premenopause'))[T.Late Perimenopause]  -0.128    0.127 -1.005 0.315 -0.378  0.122
C(STATUS_Label, Treatment('Premenopause'))[T.Postmenopause]       -0.197    0.126 -1.559 0.119 -0.445  0.051
STIFF                                                             -0.007    0.020 -0.339 0.734 -0.046  0.032
AGE_BASELINE                                                      -0.000    0.011 -0.024 0.981 -0.022  0.022
VISIT                                                              0.058    0.009  6.144 0.000  0.039  0.076
Group Var                                                          2.276    0.221                           
Group x VISIT Cov                                                 -0.115    0.025                           
VISIT Var                                                          0.012    0.003                           
============================================================================================================
C:\Users\julif\AppData\Local\Packages\PythonSoftwareFoundation.Python.3.12_qbz5n2kfra8p0\LocalCache\local-packages\Python312\site-packages\statsmodels\regression\mixed_linear_model.py:2237: ConvergenceWarning: The MLE may be on the boundary of the parameter space.
  warnings.warn(msg, ConvergenceWarning)


Approximate Marginal R² (fixed effects): 0.0040
Approximate Conditional R² (fixed + random): 0.5353

Anderson-Darling normality test p-value (on 5000 sampled residuals): 0.0000
Shapiro-Wilk normality test p-value (on 1000 sampled residuals): 0.0000
WARNING: Residuals may not be normally distributed.
However, with this large sample size, the model is still robust to moderate non-normality.
Using random intercept + slope model (n_subjects=2289)

Mixed Model Results for Irritability -> Cognitive Performance (Delayed Recall)
Using transformed variable: TOTIDE2
==================================================
                                   Mixed Linear Model Regression Results
============================================================================================================
Model:                             MixedLM                  Dependent Variable:                  TOTIDE2    
No. Observations:                  9256                     Method:                              REML       
No. Groups:                        2289                     Scale:                               1.9889     
Min. group size:                   1                        Log-Likelihood:                      -17859.3719
Max. group size:                   5                        Converged:                           Yes        
Mean group size:                   4.0                                                                      
------------------------------------------------------------------------------------------------------------
                                                                  Coef.  Std.Err.   z    P>|z| [0.025 0.975]
------------------------------------------------------------------------------------------------------------
Intercept                                                          9.911    0.524 18.915 0.000  8.884 10.938
C(STATUS_Label, Treatment('Premenopause'))[T.Surgical]            -0.459    0.152 -3.010 0.003 -0.757 -0.160
C(STATUS_Label, Treatment('Premenopause'))[T.Early Perimenopause] -0.151    0.117 -1.282 0.200 -0.381  0.080
C(STATUS_Label, Treatment('Premenopause'))[T.Late Perimenopause]  -0.128    0.127 -1.005 0.315 -0.377  0.122
C(STATUS_Label, Treatment('Premenopause'))[T.Postmenopause]       -0.197    0.126 -1.559 0.119 -0.445  0.051
IRRITAB                                                           -0.035    0.020 -1.774 0.076 -0.074  0.004
AGE_BASELINE                                                      -0.001    0.011 -0.094 0.925 -0.023  0.021
VISIT                                                              0.057    0.009  6.089 0.000  0.039  0.076
Group Var                                                          2.287    0.221                           
Group x VISIT Cov                                                 -0.116    0.025                           
VISIT Var                                                          0.012    0.003                           
============================================================================================================


Approximate Marginal R² (fixed effects): 0.0042
Approximate Conditional R² (fixed + random): 0.5369

Anderson-Darling normality test p-value (on 5000 sampled residuals): 0.0000
Shapiro-Wilk normality test p-value (on 1000 sampled residuals): 0.0000
WARNING: Residuals may not be normally distributed.
However, with this large sample size, the model is still robust to moderate non-normality.
Using random intercept + slope model (n_subjects=2289)

Mixed Model Results for Mood Changes -> Cognitive Performance (Delayed Recall)
Using transformed variable: TOTIDE2
==================================================
                                   Mixed Linear Model Regression Results
============================================================================================================
Model:                             MixedLM                  Dependent Variable:                  TOTIDE2    
No. Observations:                  9256                     Method:                              REML       
No. Groups:                        2289                     Scale:                               2.0106     
Min. group size:                   1                        Log-Likelihood:                      -17856.3660
Max. group size:                   5                        Converged:                           Yes        
Mean group size:                   4.0                                                                      
------------------------------------------------------------------------------------------------------------
                                                                  Coef.  Std.Err.   z    P>|z| [0.025 0.975]
------------------------------------------------------------------------------------------------------------
Intercept                                                          9.923    0.517 19.200 0.000  8.910 10.936
C(STATUS_Label, Treatment('Premenopause'))[T.Surgical]            -0.442    0.151 -2.919 0.004 -0.739 -0.145
C(STATUS_Label, Treatment('Premenopause'))[T.Early Perimenopause] -0.142    0.117 -1.213 0.225 -0.372  0.088
C(STATUS_Label, Treatment('Premenopause'))[T.Late Perimenopause]  -0.118    0.127 -0.929 0.353 -0.367  0.131
C(STATUS_Label, Treatment('Premenopause'))[T.Postmenopause]       -0.193    0.126 -1.534 0.125 -0.440  0.054
MOODCHG                                                           -0.073    0.020 -3.659 0.000 -0.113 -0.034
AGE_BASELINE                                                      -0.001    0.011 -0.110 0.913 -0.023  0.020
VISIT                                                              0.056    0.009  5.937 0.000  0.037  0.074
Group Var                                                          2.142    0.215                           
Group x VISIT Cov                                                 -0.107    0.025                           
VISIT Var                                                          0.012    0.003                           
============================================================================================================


Approximate Marginal R² (fixed effects): 0.0053
Approximate Conditional R² (fixed + random): 0.5184

Anderson-Darling normality test p-value (on 5000 sampled residuals): 0.0000
Shapiro-Wilk normality test p-value (on 1000 sampled residuals): 0.0000
WARNING: Residuals may not be normally distributed.
However, with this large sample size, the model is still robust to moderate non-normality.
Using random intercept + slope model (n_subjects=2284)

Mixed Model Results for Sleep Quality -> Cognitive Performance (Delayed Recall)
Using transformed variable: TOTIDE2
==================================================
                                   Mixed Linear Model Regression Results
============================================================================================================
Model:                             MixedLM                  Dependent Variable:                  TOTIDE2    
No. Observations:                  9184                     Method:                              REML       
No. Groups:                        2284                     Scale:                               2.0115     
Min. group size:                   1                        Log-Likelihood:                      -17706.2766
Max. group size:                   5                        Converged:                           Yes        
Mean group size:                   4.0                                                                      
------------------------------------------------------------------------------------------------------------
                                                                  Coef.  Std.Err.   z    P>|z| [0.025 0.975]
------------------------------------------------------------------------------------------------------------
Intercept                                                          9.950    0.518 19.223 0.000  8.936 10.965
C(STATUS_Label, Treatment('Premenopause'))[T.Surgical]            -0.429    0.152 -2.828 0.005 -0.727 -0.132
C(STATUS_Label, Treatment('Premenopause'))[T.Early Perimenopause] -0.141    0.117 -1.200 0.230 -0.370  0.089
C(STATUS_Label, Treatment('Premenopause'))[T.Late Perimenopause]  -0.106    0.127 -0.831 0.406 -0.355  0.144
C(STATUS_Label, Treatment('Premenopause'))[T.Postmenopause]       -0.180    0.126 -1.425 0.154 -0.427  0.067
SLEEPQL                                                           -0.050    0.021 -2.449 0.014 -0.091 -0.010
AGE_BASELINE                                                      -0.002    0.011 -0.214 0.831 -0.024  0.019
VISIT                                                              0.059    0.009  6.267 0.000  0.040  0.077
Group Var                                                          2.137    0.216                           
Group x VISIT Cov                                                 -0.101    0.025                           
VISIT Var                                                          0.010    0.003                           
============================================================================================================
C:\Users\julif\AppData\Local\Packages\PythonSoftwareFoundation.Python.3.12_qbz5n2kfra8p0\LocalCache\local-packages\Python312\site-packages\statsmodels\regression\mixed_linear_model.py:2237: ConvergenceWarning: The MLE may be on the boundary of the parameter space.
  warnings.warn(msg, ConvergenceWarning)
C:\Users\julif\AppData\Local\Packages\PythonSoftwareFoundation.Python.3.12_qbz5n2kfra8p0\LocalCache\local-packages\Python312\site-packages\statsmodels\regression\mixed_linear_model.py:2237: ConvergenceWarning: The MLE may be on the boundary of the parameter space.
  warnings.warn(msg, ConvergenceWarning)
C:\Users\julif\AppData\Local\Packages\PythonSoftwareFoundation.Python.3.12_qbz5n2kfra8p0\LocalCache\local-packages\Python312\site-packages\statsmodels\regression\mixed_linear_model.py:2237: ConvergenceWarning: The MLE may be on the boundary of the parameter space.
  warnings.warn(msg, ConvergenceWarning)
C:\Users\julif\AppData\Local\Packages\PythonSoftwareFoundation.Python.3.12_qbz5n2kfra8p0\LocalCache\local-packages\Python312\site-packages\statsmodels\regression\mixed_linear_model.py:2237: ConvergenceWarning: The MLE may be on the boundary of the parameter space.
  warnings.warn(msg, ConvergenceWarning)
C:\Users\julif\AppData\Local\Packages\PythonSoftwareFoundation.Python.3.12_qbz5n2kfra8p0\LocalCache\local-packages\Python312\site-packages\statsmodels\regression\mixed_linear_model.py:2237: ConvergenceWarning: The MLE may be on the boundary of the parameter space.
  warnings.warn(msg, ConvergenceWarning)
C:\Users\julif\AppData\Local\Packages\PythonSoftwareFoundation.Python.3.12_qbz5n2kfra8p0\LocalCache\local-packages\Python312\site-packages\statsmodels\regression\mixed_linear_model.py:2237: ConvergenceWarning: The MLE may be on the boundary of the parameter space.
  warnings.warn(msg, ConvergenceWarning)


Approximate Marginal R² (fixed effects): 0.0047
Approximate Conditional R² (fixed + random): 0.5174

Anderson-Darling normality test p-value (on 5000 sampled residuals): 0.0000
Shapiro-Wilk normality test p-value (on 1000 sampled residuals): 0.0000
WARNING: Residuals may not be normally distributed.
However, with this large sample size, the model is still robust to moderate non-normality.

================================================================================
MODEL 3: SOCIAL MODEL
================================================================================

================================================================================
Running SOCIAL MODEL with WITH_IMPUTATION DATA
================================================================================


Data preprocessed: 17924 observations from 2309 subjects

Observations by stage:
STATUS_Label
Early Perimenopause    7725
Postmenopause          5144
Premenopause           2778
Late Perimenopause     1452
Surgical                825
Name: count, dtype: int64
MODERATION ANALYSIS: Social Support × Menopausal Stage
================================================================================

Model 1: Main Effects Only
--------------------------------------------------------------------------------
              Mixed Linear Model Regression Results
==================================================================
Model:              MixedLM Dependent Variable: cognitive_function
No. Observations:   17924   Method:             REML              
No. Groups:         2309    Scale:              0.7004            
Min. group size:    1       Log-Likelihood:     -26392.6667       
Max. group size:    9       Converged:          Yes               
Mean group size:    7.8                                           
------------------------------------------------------------------
                        Coef.  Std.Err.   z    P>|z| [0.025 0.975]
------------------------------------------------------------------
Intercept               10.336    0.495 20.877 0.000  9.366 11.306
social_support_centered  0.058    0.015  3.960 0.000  0.029  0.087
Early_Perimenopause     -0.086    0.026 -3.245 0.001 -0.137 -0.034
Late_Perimenopause      -0.053    0.038 -1.407 0.159 -0.127  0.021
Postmenopause           -0.086    0.040 -2.172 0.030 -0.164 -0.008
Surgical                -0.208    0.061 -3.417 0.001 -0.327 -0.089
AGE_BASELINE            -0.007    0.011 -0.659 0.510 -0.028  0.014
VISIT                    0.019    0.004  4.773 0.000  0.011  0.027
Group Var                2.210    0.094                           
Group x VISIT Cov       -0.061    0.006                           
VISIT Var                0.007    0.001                           
==================================================================


AIC (ML): 52809.34
BIC (ML): 52902.86
Log-Likelihood (ML): -26392.67

================================================================================
Model 2: Moderation Model (with interactions)
--------------------------------------------------------------------------------
                 Mixed Linear Model Regression Results
========================================================================
Model:                MixedLM   Dependent Variable:   cognitive_function
No. Observations:     17924     Method:               REML              
No. Groups:           2309      Scale:                0.7001            
Min. group size:      1         Log-Likelihood:       -26396.7407       
Max. group size:      9         Converged:            Yes               
Mean group size:      7.8                                               
------------------------------------------------------------------------
                              Coef.  Std.Err.   z    P>|z| [0.025 0.975]
------------------------------------------------------------------------
Intercept                     10.329    0.495 20.873 0.000  9.359 11.299
social_support_centered        0.020    0.029  0.698 0.485 -0.037  0.077
Early_Perimenopause           -0.086    0.026 -3.255 0.001 -0.138 -0.034
Late_Perimenopause            -0.055    0.038 -1.446 0.148 -0.129  0.019
Postmenopause                 -0.089    0.040 -2.259 0.024 -0.167 -0.012
Surgical                      -0.208    0.061 -3.424 0.001 -0.327 -0.089
Early_Perimenopause_x_Support  0.019    0.031  0.624 0.533 -0.041  0.079
Late_Perimenopause_x_Support   0.064    0.043  1.508 0.132 -0.019  0.148
Postmenopause_x_Support        0.089    0.034  2.585 0.010  0.021  0.156
Surgical_x_Support            -0.037    0.059 -0.633 0.526 -0.153  0.078
AGE_BASELINE                  -0.007    0.011 -0.646 0.518 -0.028  0.014
VISIT                          0.019    0.004  4.814 0.000  0.011  0.027
Group Var                      2.217    0.095                           
Group x VISIT Cov             -0.062    0.006                           
VISIT Var                      0.008    0.001                           
========================================================================


AIC (ML): 52825.47
BIC (ML): 52950.17
Log-Likelihood (ML): -26396.73

================================================================================
MODEL COMPARISON (using ML estimates)
================================================================================
AIC difference (Main - Moderation): -16.13
BIC difference (Main - Moderation): -47.31
  -> Main effects model shows better fit (AIC diff < -2)

LR statistic is negative (-8.13)
This suggests the moderation model fits worse than main effects.
This can happen when interactions add noise rather than signal.

Likelihood Ratio Test:
  LR statistic: -8.13
  df: 4
  p-value: 1.0000
  -> No significant improvement from moderation model

================================================================================
Running SOCIAL MODEL with ORIGINAL DATA
================================================================================


Data preprocessed: 6921 observations from 2285 subjects

Observations by stage:
STATUS_Label
Postmenopause          3410
Early Perimenopause    2080
Late Perimenopause      729
Surgical                461
Premenopause            241
Name: count, dtype: int64
MODERATION ANALYSIS: Social Support × Menopausal Stage
================================================================================

Model 1: Main Effects Only
--------------------------------------------------------------------------------
              Mixed Linear Model Regression Results
==================================================================
Model:              MixedLM Dependent Variable: cognitive_function
No. Observations:   6921    Method:             REML              
No. Groups:         2285    Scale:              2.0409            
Min. group size:    1       Log-Likelihood:     -13496.3402       
Max. group size:    4       Converged:          Yes               
Mean group size:    3.0                                           
------------------------------------------------------------------
                        Coef.  Std.Err.   z    P>|z| [0.025 0.975]
------------------------------------------------------------------
Intercept               10.155    0.543 18.714 0.000  9.092 11.219
social_support_centered  0.180    0.032  5.590 0.000  0.117  0.244
Early_Perimenopause     -0.154    0.124 -1.244 0.213 -0.397  0.089
Late_Perimenopause      -0.085    0.135 -0.631 0.528 -0.351  0.180
Postmenopause           -0.225    0.133 -1.688 0.091 -0.487  0.036
Surgical                -0.510    0.161 -3.165 0.002 -0.826 -0.194
AGE_BASELINE            -0.007    0.012 -0.628 0.530 -0.030  0.015
VISIT                    0.064    0.010  6.603 0.000  0.045  0.084
Group Var                2.024    0.239                           
Group x VISIT Cov       -0.088    0.028                           
VISIT Var                0.008    0.004                           
==================================================================


AIC (ML): 27016.70
BIC (ML): 27098.81C:\Users\julif\AppData\Local\Packages\PythonSoftwareFoundation.Python.3.12_qbz5n2kfra8p0\LocalCache\local-packages\Python312\site-packages\statsmodels\regression\mixed_linear_model.py:2237: ConvergenceWarning: The MLE may be on the boundary of the parameter space.
  warnings.warn(msg, ConvergenceWarning)
C:\Users\julif\AppData\Local\Packages\PythonSoftwareFoundation.Python.3.12_qbz5n2kfra8p0\LocalCache\local-packages\Python312\site-packages\statsmodels\regression\mixed_linear_model.py:2237: ConvergenceWarning: The MLE may be on the boundary of the parameter space.
  warnings.warn(msg, ConvergenceWarning)

Log-Likelihood (ML): -13496.35

================================================================================
Model 2: Moderation Model (with interactions)
--------------------------------------------------------------------------------
                 Mixed Linear Model Regression Results
========================================================================
Model:                MixedLM   Dependent Variable:   cognitive_function
No. Observations:     6921      Method:               REML              
No. Groups:           2285      Scale:                2.0382            
Min. group size:      1         Log-Likelihood:       -13497.3529       
Max. group size:      4         Converged:            Yes               
Mean group size:      3.0                                               
------------------------------------------------------------------------
                              Coef.  Std.Err.   z    P>|z| [0.025 0.975]
------------------------------------------------------------------------
Intercept                     10.180    0.543 18.747 0.000  9.115 11.244
social_support_centered       -0.221    0.161 -1.378 0.168 -0.536  0.093
Early_Perimenopause           -0.198    0.125 -1.583 0.113 -0.444  0.047
Late_Perimenopause            -0.132    0.137 -0.968 0.333 -0.400  0.135
Postmenopause                 -0.275    0.135 -2.042 0.041 -0.539 -0.011
Surgical                      -0.553    0.162 -3.415 0.001 -0.871 -0.236
Early_Perimenopause_x_Support  0.358    0.166  2.160 0.031  0.033  0.683
Late_Perimenopause_x_Support   0.432    0.178  2.422 0.015  0.082  0.782
Postmenopause_x_Support        0.453    0.165  2.748 0.006  0.130  0.776
Surgical_x_Support             0.338    0.193  1.749 0.080 -0.041  0.717
AGE_BASELINE                  -0.007    0.012 -0.589 0.556 -0.030  0.016
VISIT                          0.064    0.010  6.606 0.000  0.045  0.084
Group Var                      2.028    0.240                           
Group x VISIT Cov             -0.088    0.028                           
VISIT Var                      0.008    0.004                           
========================================================================


AIC (ML): 27026.72
BIC (ML): 27136.20
Log-Likelihood (ML): -13497.36

================================================================================
MODEL COMPARISON (using ML estimates)
================================================================================
AIC difference (Main - Moderation): -10.02
BIC difference (Main - Moderation): -37.39
  -> Main effects model shows better fit (AIC diff < -2)

LR statistic is negative (-2.02)
This suggests the moderation model fits worse than main effects.
This can happen when interactions add noise rather than signal.

Likelihood Ratio Test:
  LR statistic: -2.02
  df: 4
  p-value: 1.0000
  -> No significant improvement from moderation model

Coefficient comparison saved to: output\coefficient_comparison.csv
Sample size comparison saved to: output\sample_size_comparison.csv
Summary report saved to: output\comparison_summary.txt
Key predictors comparison saved to: output\key_predictors_comparison.csv

================================================================================
COMPARISON ANALYSIS COMPLETE
================================================================================

Results saved to: compare_imputation/output/
  - coefficient_comparison.csv: Full coefficient comparison
  - sample_size_comparison.csv: Sample size changes per model
  - comparison_summary.txt: Summary of key changes
  - key_predictors_comparison.csv: Comparison for main predictors

